16:43:16 **** Incremental Build of configuration Debug for project 001_BLINKY ****
make -j4 all 
arm-none-eabi-gcc "../Core/Src/main.c" -mcpu=cortex-m4 -std=gnu11 -g3 -DDEBUG -DUSE_HAL_DRIVER -DSTM32F407xx -c -I../Core/Inc -I../Drivers/STM32F4xx_HAL_Driver/Inc -I../Drivers/STM32F4xx_HAL_Driver/Inc/Legacy -I../Drivers/CMSIS/Device/ST/STM32F4xx/Include -I../Drivers/CMSIS/Include -O0 -ffunction-sections -fdata-sections -Wall -fstack-usage -fcyclomatic-complexity -MMD -MP -MF"Core/Src/main.d" -MT"Core/Src/main.o" --specs=nano.specs -mfpu=fpv4-sp-d16 -mfloat-abi=hard -mthumb -o "Core/Src/main.o"
../Core/Src/main.c: In function 'writeRegister':
../Core/Src/main.c:113:28: warning: excess elements in array initializer
  113 |   uint8_t readedData[0] = {0x00};
      |                            ^~~~
../Core/Src/main.c:113:28: note: (near initialization for 'readedData')
../Core/Src/main.c:113:11: warning: unused variable 'readedData' [-Wunused-variable]
  113 |   uint8_t readedData[0] = {0x00};
      |           ^~~~~~~~~~
arm-none-eabi-gcc -o "001_BLINKY.elf" @"objects.list"   -mcpu=cortex-m4 -T"C:\Users\mehmet.sahin\Desktop\Project_and_Snippets\Embedded_Systems\LIS3DSH\ST_Workspace\001_BLINKY\STM32F407VGTX_FLASH.ld" --specs=nosys.specs -Wl,-Map="001_BLINKY.map" -Wl,--gc-sections -static --specs=nano.specs -mfpu=fpv4-sp-d16 -mfloat-abi=hard -mthumb -Wl,--start-group -lc -lm -Wl,--end-group
Finished building target: 001_BLINKY.elf
 
arm-none-eabi-size   001_BLINKY.elf 
arm-none-eabi-objdump -h -S  001_BLINKY.elf  > "001_BLINKY.list"
   text	   data	    bss	    dec	    hex	filename
  10892	     20	   1684	  12596	   3134	001_BLINKY.elf
Finished building: default.size.stdout
 
Finished building: 001_BLINKY.list
 
16:43:21 **** Incremental Build of configuration Debug for project 001_BLINKY ****
make -j4 all 
arm-none-eabi-size   001_BLINKY.elf 
   text	   data	    bss	    dec	    hex	filename
  10892	     20	   1684	  12596	   3134	001_BLINKY.elf
Finished building: default.size.stdout
 
