../Core/Src/main.c:100:6:readRegister	24	static
../Core/Src/main.c:108:6:writeRegister	24	static
../Core/Src/main.c:123:6:enableALLAxis	16	static
../Core/Src/main.c:128:6:LIS3DSH_Init	16	static
../Core/Src/main.c:157:6:readTemperature	16	static
../Core/Src/main.c:165:6:readX_Axis	16	static
../Core/Src/main.c:178:6:readY_Axis	16	static
../Core/Src/main.c:191:6:readZ_Axis	16	static
../Core/Src/main.c:204:6:setCTRL5	16	static
../Core/Src/main.c:209:19:twoComplToInt16	24	static
../Core/Src/main.c:225:6:calculate	8	static
../Core/Src/main.c:242:5:main	8	static
../Core/Src/main.c:304:6:SystemClock_Config	88	static
../Core/Src/main.c:350:13:MX_SPI1_Init	8	static
../Core/Src/main.c:388:13:MX_GPIO_Init	48	static
../Core/Src/main.c:432:6:Error_Handler	4	static,ignoring_inline_asm
